Configuring ...
Configuring using file : ./dev/debian.i7-3687U.more.json ...
Configuring architecture features ...
Configuring cache line size with 64 ...
Configuring flop per packed SIMD with 2 ...
Configuring flop per packed SSE with 2 ...
Configuring build time ...
Configuring OMPFLAGS with -fopenmp ...
Configuring run time ...
Configuring run time with MPIRUN_OPT = --map-by core --allow-run-as-root ...
Configuring run time with OMP_PROC_BIND = TRUE ...
Configuring run time with GOMP_CPU_AFFINITY =  ...
Configuring run time with KMP_AFFINITY =  ...
Configuring with log extension = gnu ext4
Configuring plot mode ...
Configuring plot with figure width 16.0 ...
Configuring plot with figure height 10.0 ...
Configuring plot with font size 25 ...
Configuring plot with legend font size 20 ...
Configuring perf-top plot with minimum percentage 15 ...
Configuring perf-top plot with exclude filter pthread PyInt_FromLong ...
Configuring perf-report plot with minimum percentage 25 ...
Configuring benchmark mode ...
Configuring stream benchmark ...
Configuring stream2 benchmark ...
Configuring iozone benchmark ...
Configuring IOR benchmark ...
Configuring HPLinpack benchmark ...
Configuring hydro benchmark ...
Configuring NAS benchmark ...
Configuring use case mode ...
Configuring libpfm4 4.7.0 : https://sourceforge.net/projects/perfmon2/files/libpfm4/ ...
Configuring perf-report with perf-list : cpu-clock page-faults
Configuring perf-report with libpfm4 : 
Configuring perf-top with perf-list : cpu-clock cache-misses
Configuring perf-top with libpfm4 : ARITH:Umask-00 LONGEST_LAT_CACHE:MISS
Configuring perf-stat for GFlops with perf-list : 
Configuring perf-stat for GFlops with libpfm4 : ARITH:Umask-00
Configuring perf-stat for cache misses with perf-list : cache-misses L1-dcache-load-misses
Configuring perf-stat for cache misses with libpfm4 : LLC-LOAD-MISSES LLC-STORE-MISSES LLC-PREFETCH-MISSES

Downloading ...
Downloading libpfm4 ...
Downloading https://sourceforge.net/projects/perfmon2/files/libpfm4/libpfm-4.7.0.tar.gz : OK, no need to download

MLK report:
                          types |   # objects |   total size
=============================== | =========== | ============
                           list |        7095 |    726.09 KB
                            str |        7175 |    417.71 KB
                           dict |          22 |     24.02 KB
                            int |         760 |     17.81 KB
                        unicode |          74 |      7.68 KB
              method_descriptor |          12 |    864     B
             wrapper_descriptor |          10 |    800     B
          <class 'pyc.plot.plot |           8 |    512     B
  <class 'pyc.download.download |           8 |    512     B
                        weakref |           4 |    352     B
              member_descriptor |           4 |    288     B
              getset_descriptor |           4 |    288     B
                          float |           8 |    192     B
                           file |           1 |    144     B
                           code |           1 |    128     B

Plotting benchmarks ...
Plotting stream ...
Plotting stream.n=1 ...
Plotting stream2 ...
Plotting stream2.n=1 ...
Plotting iozone ...
Plotting iozone.read.n=1.t=1 ...
Plotting iozone.write.n=1.t=1 ...
Plotting iozone.read.n=1.t=2 ...
Plotting iozone.write.n=1.t=2 ...
Plotting iozone.read.n=1.t=4 ...
Plotting iozone.write.n=1.t=4 ...
Plotting IOR ...
Plotting IOR.read.n=1 ...
Plotting IOR.write.n=1 ...
Plotting IOR.read.n=2 ...
Plotting IOR.write.n=2 ...
Plotting IOR.read.n=4 ...
Plotting IOR.write.n=4 ...
Plotting HPLinpack ...
Plotting HPLinpack.n=1 ...
Plotting HPLinpack.n=2 ...
Plotting HPLinpack.n=4 ...
Plotting Hydro ...
Plotting Hydro.n=1 ...
Plotting Hydro.n=2 ...
Plotting Hydro.n=4 ...
Plotting NAS ...
Plotting NAS.n=1 ...
Plotting NAS.n=2 ...
Plotting NAS.n=4 ...

Total time =      35.146 sec

MLK report:
                                        types |   # objects |   total size
============================================= | =========== | ============
                                         dict |         873 |      1.32 MB
                                          str |        7562 |    710.45 KB
                                         list |        1408 |    167.73 KB
                                      unicode |         176 |    166.14 KB
                                         code |        1218 |    152.25 KB
                                         type |         140 |    124.34 KB
                                          set |         113 |    111.10 KB
                                        tuple |         434 |     32.47 KB
                             _sre.SRE_Pattern |          38 |     21.21 KB
                                      weakref |         239 |     20.54 KB
                                numpy.ndarray |         150 |     17.97 KB
                          function (__init__) |         103 |     12.07 KB
                                     instance |         138 |      9.70 KB
                                         cell |         163 |      8.91 KB
  <class 'pkg_resources._vendor.pyparsing.And |         117 |      7.31 KB

