Configuring ...
Configuring using file : ./dev/debian.i7-3687U.less.json ...
Configuring architecture features ...
Configuring cache line size with 64 ...
Configuring flop per packed SIMD with 2 ...
Configuring flop per packed SSE with 2 ...
Configuring build time ...
Configuring CC with gcc ...
Configuring FC with gfortran ...
Configuring MPICC with mpicc ...
Configuring MPIF77 with mpif77 ...
Configuring MPIF90 with mpif90 ...
Configuring OMPFLAGS with -fopenmp ...
Configuring FLAGS with -O3 -funroll-loops -ffast-math -ftree-vectorize -fopt-info-optall=gnu.txt ...
Configuring NOOPTFLAGS with -O2 -mcmodel=large ...
Configuring run time ...
Configuring run time with MPIRUN_OPT = --allow-run-as-root ...
Configuring run time with OMP_PROC_BIND =  ...
Configuring run time with GOMP_CPU_AFFINITY = 0 1 2 3 ...
Configuring run time with KMP_AFFINITY =  ...
Configuring with log extension = 
Configuring plot mode ...
Configuring plot with figure width 16.0 ...
Configuring plot with figure height 10.0 ...
Configuring plot with dpi 10 ...
Configuring plot with font size 25 ...
Configuring plot with legend font size 25 ...
Configuring roof line model with xmin 0 ...
Configuring roof line model with xmax 1 ...
Configuring roof line model with ymax 9 ...
Configuring roof line model with annotation font size 15 ...
Configuring perf-report plot with minimum percentage 25 ...
Configuring plot with include log filter gnu ...
Configuring plot with exclude log filter vec ...
Configuring benchmark mode ...
Configuring stream benchmark ...
Configuring stream2 benchmark ...
Configuring iozone benchmark ...
Configuring IOR benchmark ...
Configuring HPLinpack benchmark ...
Configuring hydro benchmark ...
Configuring NAS benchmark ...
Configuring use case mode ...
Configuring libpfm4 4.7.0 : https://sourceforge.net/projects/perfmon2/files/libpfm4/ ...
Configuring perf-report with perf-list : cpu-clock
Configuring perf-report with libpfm4 : 
Configuring perf-top with perf-list : cpu-clock
Configuring perf-top with libpfm4 : ARITH:Umask-00
Configuring perf-stat for GFlops with perf-list : 
Configuring perf-stat for GFlops with libpfm4 : ARITH:Umask-00
Configuring perf-stat for cache misses with perf-list : cache-misses
Configuring perf-stat for cache misses with libpfm4 : LLC-LOAD-MISSES

Downloading ...
Downloading libpfm4 ...
Downloading https://sourceforge.net/projects/perfmon2/files/libpfm4/libpfm-4.7.0.tar.gz : OK, no need to download

MLK report:
                          types |   # objects |   total size
=============================== | =========== | ============
                           list |        7097 |    726.04 KB
                            str |        7174 |    417.67 KB
                           dict |          22 |     24.02 KB
                            int |         760 |     17.81 KB
                        unicode |          69 |      7.29 KB
              method_descriptor |          12 |    864     B
             wrapper_descriptor |          10 |    800     B
          <class 'pyc.plot.plot |           8 |    512     B
  <class 'pyc.download.download |           8 |    512     B
                        weakref |           4 |    352     B
              member_descriptor |           4 |    288     B
              getset_descriptor |           4 |    288     B
                          float |          11 |    264     B
                           file |           1 |    144     B
                           code |           1 |    128     B

Plotting benchmarks ...
Plotting NAS ...
Plotting NAS.n=1.gnu.no-vec ...
Plotting NAS.n=2.gnu.no-vec ...
Plotting NAS.n=4.gnu.no-vec ...

Total time =      25.957 sec

MLK report:
                                        types |   # objects |   total size
============================================= | =========== | ============
                                         dict |         872 |      1.32 MB
                                          str |        7382 |    698.94 KB
                                         list |        1413 |    166.20 KB
                                      unicode |         146 |    162.77 KB
                                         code |        1218 |    152.25 KB
                                         type |         140 |    124.34 KB
                                          set |         113 |    111.10 KB
                                        tuple |         434 |     32.47 KB
                             _sre.SRE_Pattern |          38 |     21.21 KB
                                      weakref |         239 |     20.54 KB
                                numpy.ndarray |         150 |     17.97 KB
                          function (__init__) |         103 |     12.07 KB
                                     instance |         138 |      9.70 KB
                                         cell |         163 |      8.91 KB
  <class 'pkg_resources._vendor.pyparsing.And |         117 |      7.31 KB

